7/7/2026, 2:22:40 pm [INFO] Entering Username
7/7/2026, 2:22:40 pm [INFO] Entering Password
7/7/2026, 2:22:40 pm [INFO] Clicking Login Button
7/7/2026, 2:22:41 pm [SUCCESS] Login request submitted successfully
7/7/2026, 2:22:41 pm [SUCCESS] User logged in successfully
7/7/2026, 2:43:20 pm [INFO] [Unknown Test] Entering Username
7/7/2026, 2:43:20 pm [INFO] [Unknown Test] Entering Password
7/7/2026, 2:43:20 pm [INFO] [Unknown Test] Clicking Login Button
7/7/2026, 2:43:21 pm [SUCCESS] [Unknown Test] Login request submitted successfully
7/7/2026, 2:43:21 pm [SUCCESS] [Unknown Test] User logged in successfully
7/7/2026, 2:45:54 pm [INFO] [Unknown Test] Entering Username
7/7/2026, 2:45:55 pm [INFO] [Unknown Test] Entering Password
7/7/2026, 2:45:55 pm [INFO] [Unknown Test] Clicking Login Button
7/7/2026, 2:45:55 pm [SUCCESS] [Unknown Test] Login request submitted successfully
7/7/2026, 2:45:55 pm [SUCCESS] [Unknown Test] User logged in successfully
7/7/2026, 2:46:33 pm [INFO] [Unknown Test] Entering Username
7/7/2026, 2:46:33 pm [INFO] [Unknown Test] Entering Password
7/7/2026, 2:46:33 pm [INFO] [Unknown Test] Clicking Login Button
7/7/2026, 2:46:34 pm [SUCCESS] [Unknown Test] Login request submitted successfully
7/7/2026, 2:46:34 pm [SUCCESS] [Unknown Test] User logged in successfully
7/7/2026, 2:49:47 pm [INFO] [Verify user can login with valid credentials] Entering Username
7/7/2026, 2:49:47 pm [INFO] [Verify user can login with valid credentials] Entering Password
7/7/2026, 2:49:47 pm [INFO] [Verify user can login with valid credentials] Clicking Login Button
7/7/2026, 2:49:47 pm [SUCCESS] [Verify user can login with valid credentials] Login request submitted successfully
7/7/2026, 2:49:47 pm [SUCCESS] [Verify user can login with valid credentials] User logged in successfully
7/7/2026, 2:51:58 pm [INFO] [Verify user can login with valid credentials] Entering Username
7/7/2026, 2:51:59 pm [INFO] [Verify user can login with valid credentials] Entering Password
7/7/2026, 2:51:59 pm [INFO] [Verify user can login with valid credentials] Clicking Login Button
7/7/2026, 2:51:59 pm [SUCCESS] [Verify user can login with valid credentials] Login request submitted successfully
7/7/2026, 2:51:59 pm [SUCCESS] [Verify user can login with valid credentials] User logged in successfully
7/7/2026, 2:57:44 pm [INFO] [Verify user can login with valid credentials] ==================================================
7/7/2026, 2:57:44 pm [INFO] [Verify user can login with valid credentials] TEST STARTED
7/7/2026, 2:57:44 pm [INFO] [Verify user can login with valid credentials] Test Name : Verify user can login with valid credentials
7/7/2026, 2:57:44 pm [INFO] [Verify user can login with valid credentials] Browser   : chromium
7/7/2026, 2:57:44 pm [INFO] [Verify user can login with valid credentials] ==================================================
7/7/2026, 2:57:45 pm [INFO] [Verify user can login with valid credentials] Entering Username
7/7/2026, 2:57:45 pm [INFO] [Verify user can login with valid credentials] Entering Password
7/7/2026, 2:57:45 pm [INFO] [Verify user can login with valid credentials] Clicking Login Button
7/7/2026, 2:57:46 pm [SUCCESS] [Verify user can login with valid credentials] Login request submitted successfully
7/7/2026, 2:57:46 pm [SUCCESS] [Verify user can login with valid credentials] User logged in successfully
7/7/2026, 2:57:46 pm [INFO] [Verify user can login with valid credentials] ==================================================
7/7/2026, 2:57:46 pm [INFO] [Verify user can login with valid credentials] TEST COMPLETED
7/7/2026, 2:57:46 pm [INFO] [Verify user can login with valid credentials] Test Name : Verify user can login with valid credentials
7/7/2026, 2:57:46 pm [INFO] [Verify user can login with valid credentials] Browser   : chromium
7/7/2026, 2:57:46 pm [INFO] [Verify user can login with valid credentials] Status    : passed
7/7/2026, 2:57:46 pm [INFO] [Verify user can login with valid credentials] Duration  : 2299 ms
7/7/2026, 2:57:46 pm [INFO] [Verify user can login with valid credentials] ==================================================
7/7/2026, 3:23:52 pm [INFO] [Verify user can login with valid credentials] ==================================================
7/7/2026, 3:23:52 pm [INFO] [Verify user can login with valid credentials] TEST STARTED
7/7/2026, 3:23:52 pm [INFO] [Verify user can login with valid credentials] Test Name : Verify user can login with valid credentials
7/7/2026, 3:23:52 pm [INFO] [Verify user can login with valid credentials] Browser   : chromium
7/7/2026, 3:23:52 pm [INFO] [Verify user can login with valid credentials] ==================================================
7/7/2026, 3:23:53 pm [INFO] [Verify user can login with valid credentials] Entering Username
7/7/2026, 3:23:53 pm [INFO] [Verify user can login with valid credentials] Entering Password
7/7/2026, 3:23:53 pm [INFO] [Verify user can login with valid credentials] Clicking Login Button
7/7/2026, 3:23:53 pm [SUCCESS] [Verify user can login with valid credentials] Login request submitted successfully
7/7/2026, 3:23:53 pm [SUCCESS] [Verify user can login with valid credentials] User logged in successfully
7/7/2026, 3:23:54 pm [INFO] [Verify user can login with valid credentials] ==================================================
7/7/2026, 3:23:54 pm [INFO] [Verify user can login with valid credentials] TEST COMPLETED
7/7/2026, 3:23:54 pm [INFO] [Verify user can login with valid credentials] Test Name : Verify user can login with valid credentials
7/7/2026, 3:23:54 pm [INFO] [Verify user can login with valid credentials] Browser   : chromium
7/7/2026, 3:23:54 pm [INFO] [Verify user can login with valid credentials] Status    : passed
7/7/2026, 3:23:54 pm [INFO] [Verify user can login with valid credentials] ==================================================
